[template.themeton.com/tenguu-html/index.html]
[backblue.gif]
[fade.gif]
[index.html]
[template.themeton.com/tenguu-html/images/favicon.png]
[template.themeton.com/tenguu-html/images/logo.png]
[template.themeton.com/tenguu-html/images/user.png]
[template.themeton.com/tenguu-html/blog.html]
[template.themeton.com/tenguu-html/single.html]
[template.themeton.com/tenguu-html/images/header/header.png]
[template.themeton.com/tenguu-html/images/header/icon1.png]
[template.themeton.com/tenguu-html/images/header/icon2.png]
[template.themeton.com/tenguu-html/images/header/icon3.png]
[template.themeton.com/tenguu-html/images/header/icon4.png]
[template.themeton.com/tenguu-html/images/product/feature-item.jpg]
[template.themeton.com/tenguu-html/images/carousel/movie-1.jpg]
[vimeo.com/28177848.html]
[template.themeton.com/tenguu-html/images/carousel/movie-2.jpg]
[template.themeton.com/tenguu-html/images/carousel/movie-3.jpg]
[template.themeton.com/tenguu-html/images/carousel/movie-4.jpg]
[template.themeton.com/tenguu-html/images/carousel/movie-5.jpg]
[template.themeton.com/tenguu-html/images/carousel/movie-6.jpg]
[template.themeton.com/tenguu-html/images/coming-bg.jpg]
[template.themeton.com/tenguu-html/images/boxoffice/thumb-1.jpg]
[template.themeton.com/tenguu-html/images/boxoffice/thumb-2.jpg]
[template.themeton.com/tenguu-html/images/boxoffice/thumb-3.jpg]
[template.themeton.com/tenguu-html/images/boxoffice/thumb-4.jpg]
[template.themeton.com/tenguu-html/images/boxoffice/thumb-5.jpg]
[template.themeton.com/tenguu-html/images/author.png]
[template.themeton.com/tenguu-html/images/marker.png]
[template.themeton.com/tenguu-html/js/google-maps.js]
[maps.googleapis.com/maps/api/js09d7]
[template.themeton.com/tenguu-html/js/jquery.min.js]
[template.themeton.com/tenguu-html/js/packages.min.js]
[template.themeton.com/tenguu-html/js/scripts.min.js]
[template.themeton.com/tenguu-html/index.html]
[fonts.googleapis.com/css8561.css]
[fonts.googleapis.com/cssd2d5.css]
[template.themeton.com/tenguu-html/vendors/font-awesome/fonts/fontawesome-webfont93e3.eot]
[template.themeton.com/tenguu-html/vendors/font-awesome/fonts/fontawesome-webfontd41d.eot]
[template.themeton.com/tenguu-html/vendors/font-awesome/fonts/fontawesome-webfont93e3.woff2]
[template.themeton.com/tenguu-html/vendors/font-awesome/fonts/fontawesome-webfont93e3.woff]
[template.themeton.com/tenguu-html/vendors/font-awesome/fonts/fontawesome-webfont93e3.ttf]
[template.themeton.com/tenguu-html/vendors/bootstrap/fonts/glyphicons-halflings-regular.eot]
[template.themeton.com/tenguu-html/vendors/bootstrap/fonts/glyphicons-halflings-regulard41d.eot]
[template.themeton.com/tenguu-html/vendors/bootstrap/fonts/glyphicons-halflings-regular.woff2]
[template.themeton.com/tenguu-html/vendors/bootstrap/fonts/glyphicons-halflings-regular.woff]
[template.themeton.com/tenguu-html/vendors/bootstrap/fonts/glyphicons-halflings-regular.ttf]
[template.themeton.com/tenguu-html/css/packages.min.css]
[template.themeton.com/tenguu-html/fonts/Montserrat-Light.otf]
[template.themeton.com/tenguu-html/images/search.png]
[template.themeton.com/tenguu-html/images/qte-t.png]
[template.themeton.com/tenguu-html/images/qte-b.png]
[template.themeton.com/tenguu-html/images/btn-more.png]
[template.themeton.com/tenguu-html/images/btn-more-white.png]
[template.themeton.com/tenguu-html/images/order-arrow.png]
[template.themeton.com/tenguu-html/images/ScreenForSeating_450.png]
[template.themeton.com/tenguu-html/css/default.css]
[template.themeton.com/tenguu-html/images/logo-white.png]
[template.themeton.com/tenguu-html/images/blog/post-1.jpg]
[template.themeton.com/tenguu-html/images/blog/post-2.jpg]
[template.themeton.com/tenguu-html/images/blog/post-3.jpg]
[template.themeton.com/tenguu-html/images/blog/post-4.jpg]
[template.themeton.com/tenguu-html/images/post-thumb.jpg]
[template.themeton.com/tenguu-html/images/post-thumb-2.jpg]
[template.themeton.com/tenguu-html/blog.html]
[template.themeton.com/tenguu-html/images/blog/bg-single.jpg]
[template.themeton.com/tenguu-html/images/blog/single_thumb.jpg]
[template.themeton.com/tenguu-html/images/blog/post-single.jpg]
[template.themeton.com/tenguu-html/images/blog/user-1.jpg]
[template.themeton.com/tenguu-html/images/blog/user-2.jpg]
[template.themeton.com/tenguu-html/single.html]
[i.vimeocdn.com/filter/overlay7a64.jpg]
[vimeo.com/api/oembedf108.json]
[vimeo.com/api/oembedf108.xml]
[vimeo.com/_pingback]
[vimeo.com/search/opensearch.xml]
[f.vimeocdn.com/styles/css_opt/global/icon_fonts.minbfed.css]
[f.vimeocdn.com/styles/css_opt/clip_beta_combined.minba0a.css]
[www.googletagmanager.com/gtmc761.js]
[f.vimeocdn.com/js_opt/ablincoln_combined.minede3.js]
[vimeo.com/join.4c.delayed]
[vimeo.com/index.html]
[vimeo.com/log_in]
[vimeo.com/join.html]
[vimeo.com/create]
[vimeo.com/log_in.html]
[vimeo.com/upgrade]
[vimeo.com/create.html]
[vimeo.com/professionals]
[vimeo.com/upgrade.html]
[vimeo.com/business]
[vimeo.com/professionals.html]
[vimeo.com/live]
[vimeo.com/business.html]
[vimeo.com/features]
[vimeo.com/blog/category/video-school]
[vimeo.com/features.html]
[vimeo.com/ondemand/startselling]
[vimeo.com/blog/category/video-school.html]
[vimeo.com/watch]
[vimeo.com/ondemand/startselling.html]
[vimeo.com/live.html]
[vimeo.com/channels/staffpicks]
[vimeo.com/watch.html]
[vimeo.com/ondemand]
[vimeo.com/channels/staffpicks.html]
[vimeo.com/search]
[vimeo.com/upload.html]
[vimeo.com/terms]
[vimeo.com/privacy]
[vimeo.com/terms.html]
[vimeo.com/dmca]
[vimeo.com/privacy.html]
[vimeo.com/dmca.html]
[vimeo.com/cookie_policy]
[vimeo.com/cookie_policy.html]
[vimeo.com/faq]
[vimeo.com/help/faq]
[vimeo.com/POST]
[vimeo.com/GET]
[vimeo.com/get.html]
[i.vimeocdn.com/video/1877714707d5d.jpg]
[vimeo.com/user7304443.html]
[vimeo.com/about.html]
[vimeo.com/blog.html]
[vimeo.com/help/guidelines.html]
[vimeo.com/jobs.html]
[vimeo.com/videoschool]
[vimeo.com/site_map.html]
[vimeo.com/upgrade0b6f.html]
[vimeo.com/professionals0b6f.html]
[vimeo.com/business0b6f.html]
[vimeo.com/staffpicks]
[f.vimeocdn.com/js_opt/global/player_manager.min5f7b.js]
[f.vimeocdn.com/js_opt/sticky_topnav_combined.min7d08.js]
[f.vimeocdn.com/js_opt/react_prod_combined.min0f3d.js]
[f.vimeocdn.com/js_opt/clip_combined.min8c06.js]
[vimeo.com/28177848.html]
[f.vimeocdn.com/js_opt/clip_beta_libs_async_combined.min7915.js]
[f.vimeocdn.com/js_opt/_bundles/clip.bundle.min650e.js]
[template.themeton.com/tenguu-html/vendors/font-awesome/fonts/fontawesome-webfont93e3.svg]
[template.themeton.com/tenguu-html/vendors/bootstrap/fonts/glyphicons-halflings-regular.svg]
[f.vimeocdn.com/styles/css_opt/global/icon_fonts.minbfed.css]
[f.vimeocdn.com/styles/css_opt/clip_beta_combined.minba0a.css]
[vimeo.com/index.html]
[f.vimeocdn.com/images_v6/logo.png]
[f.vimeocdn.com/styles/css_opt/global_legacy_combined.min89c2.css]
[f.vimeocdn.com/styles/css_opt/global_legacy_shared_combined.mina441.css]
[f.vimeocdn.com/styles/css_opt/logged_out_registration_combined.mine4af.css]
[f.vimeocdn.com/styles/css_opt/global/force_standard_to_be_responsive.mine04b.css]
[vimeo.com/faq]
[vimeo.com/help/faq]
[vimeo.com/87701971.html]
[vimeo.com/projectyose.html]
[f.vimeocdn.com/js_opt/global_legacy_combined.min2639.js]
[f.vimeocdn.com/js_opt/logged_out_registration_combined.min3d72.js]
[vimeo.com/join.html]
[f.vimeocdn.com/js_opt/vendor/siftscience/siftscience.1.0.minbfed.js]
[vimeo.com/faq]
[vimeo.com/help/faq]
[vimeo.com/log_in.html]
[vimeo.com/forgot_password.html]
[vimeo.com/es/create.html]
[vimeo.com/de/create.html]
[vimeo.com/fr/create.html]
[vimeo.com/jp/create.html]
[vimeo.com/pt-br/create.html]
[vimeo.com/ko/create.html]
[f.vimeocdn.com/styles/css_opt/global_main_combined.min1dcf.css]
[f.vimeocdn.com/styles/css_opt/global_combined.min8a5d.css]
[f.vimeocdn.com/styles/css_opt/modern/iris/pages/create/create.minf495.css]
[vimeo.com/faq]
[vimeo.com/help/faq]
[f.vimeocdn.com/images_v6/create/engage.png]
[vimeo.com/360]
[vimeo.com/help]
[f.vimeocdn.com/images_v6/create/collapse_icon.png]
[f.vimeocdn.com/images_v6/create/screens_imac_stats2.png]
[f.vimeocdn.com/images_v6/create/screens_imac_stats3.png]
[f.vimeocdn.com/images_v6/create/screens_imac_stats4.png]
[f.vimeocdn.com/images_v6/create/screens_imac_stats5.png]
[vimeo.com/everyone.html]
[vimeo.com/startselling]
[vimeo.com/startselling]
[vimeo.com/plus0b6f]
[vimeo.com/pro0b6f]
[vimeo.com/vip]
[f.vimeocdn.com/js_opt/global_lib_combined.mine2a7.js]
[f.vimeocdn.com/js_opt/global_combined.min5740.js]
[f.vimeocdn.com/js_opt/apps/create/create_page.min20d0.js]
[vimeo.com/create.html]
[vimeo.com/es/upgrade.html]
[vimeo.com/de/upgrade.html]
[vimeo.com/fr/upgrade.html]
[vimeo.com/jp/upgrade.html]
[vimeo.com/pt-br/upgrade.html]
[vimeo.com/ko/upgrade.html]
[f.vimeocdn.com/styles/css_opt/upgrade_combined.mine005.css]
[vimeo.com/cart/plus]
[vimeo.com/store/plus.html]
[vimeo.com/cart/pro]
[vimeo.com/store/pro.html]
[vimeo.com/cart/business]
[vimeo.com/store/business.html]
[vimeo.com/cart/premium]
[vimeo.com/store/premium.html]
[f.vimeocdn.com/images_v6/everyone/testimonial_motiongrapher.png]
[f.vimeocdn.com/images_v6/everyone/testimonial_allie_avital.png]
[f.vimeocdn.com/images_v6/everyone/testimonial_the_muse.png]
[vimeo.com/videoschool]
[vimeo.com/settings/profile]
[vimeo.com/upgrade.html]
[f.vimeocdn.com/js_opt/upgrade_combined.minf5b5.js]
[vimeo.com/es/professionals.html]
[vimeo.com/de/professionals.html]
[vimeo.com/fr/professionals.html]
[vimeo.com/jp/professionals.html]
[vimeo.com/pt-br/professionals.html]
[vimeo.com/ko/professionals.html]
[f.vimeocdn.com/styles/css_opt/professionals_combined.mina459.css]
[f.vimeocdn.com/styles/css_opt/modules/feature_comparison_chart.min4b53.css]
[f.vimeocdn.com/styles/css_opt/modules/feature_comparison_chart_mobile.minb52c.css]
[vimeo.com/faq.cf.delayed]
[vimeo.com/help/faq]
[f.vimeocdn.com/images_v6/professionals/vvs.png]
[vimeo.com/startselling]
[f.vimeocdn.com/images_v6/professionals/360.png]
[f.vimeocdn.com/images_v6/professionals/professionals-live.png]
[vimeo.com/store/PRO-2.html]
[vimeo.com/plus.d60b6f.delayed]
[vimeo.com/pro0b6f]
[vimeo.com/vip]
[vimeo.com/professionals.html]
[f.vimeocdn.com/js_opt/professionals_combined.min0f17.js]
[vimeo.com/es/business.html]
[vimeo.com/de/business.html]
[vimeo.com/fr/business.html]
[vimeo.com/jp/business.html]
[vimeo.com/pt-br/business.html]
[vimeo.com/ko/business.html]
[f.vimeocdn.com/styles/css_opt/business_combined.minc846.css]
[d9hhrg4mnvzow.cloudfront.net/join.vimeo.com/business/38e0c2ba-logos-toplevel-2.png]
[vimeo.com/cart/proa65f]
[vimeo.com/store/proa65f.html]
[f.vimeocdn.com/images_v6/marketing/business_integration_tiles.png]
[vimeo.com/pro0b6f]
[vimeo.com/vip]
[vimeo.com/business.html]
[f.vimeocdn.com/images_v6/marketing/live/landing_hero_cellist.png]
[vimeo.com/es/live.html]
[vimeo.com/de/live.html]
[vimeo.com/fr/live.html]
[vimeo.com/jp/live.html]
[vimeo.com/pt-br/live.html]
[vimeo.com/ko/live.html]
[f.vimeocdn.com/styles/css_opt/live_landing_combined.min54ee.css]
[f.vimeocdn.com/styles/css_opt/create_live_combined.min3611.css]
[f.vimeocdn.com/styles/css_opt/modern/iris/pages/live/live_premium_grid.mincbcd.css]
[f.vimeocdn.com/images_v6/marketing/live/facebookLive.png]
[f.vimeocdn.com/images_v6/marketing/live/twitterPeriscope.png]
[f.vimeocdn.com/images_v6/marketing/live/youtube.png]
[f.vimeocdn.com/images_v6/marketing/live/twitch.png]
[f.vimeocdn.com/images_v6/marketing/live/live_background_blue.png]
[f.vimeocdn.com/images_v6/marketing/live/live_community.png]
[f.vimeocdn.com/images_v6/marketing/live/partner_obs.png]
[storage.googleapis.com/code.snapengage.com/js/88e153e2-0b47-4e29-9cda-aef4842f02f5.js]
[vimeo.com/pro0b6f]
[vimeo.com/vip]
[f.vimeocdn.com/js_opt/live_landing_combined.min3c3a.js]
[vimeo.com/live.html]
[f.vimeocdn.com/js_opt/create_live_combined.mincec2.js]
[vimeo.com/es/features.html]
[vimeo.com/de/features.html]
[vimeo.com/fr/features.html]
[vimeo.com/jp/features.html]
[vimeo.com/pt-br/features.html]
[vimeo.com/ko/features.html]
[f.vimeocdn.com/styles/css_opt/features_landing_combined.min71fc.css]
[f.vimeocdn.com/images_v6/marketing/features/storage_browser.png]
[f.vimeocdn.com/images_v6/marketing/icons/icon_4k.png]
[f.vimeocdn.com/images_v6/marketing/icons/icon_gear.png]
[f.vimeocdn.com/images_v6/marketing/icons/icon_tons.png]
[f.vimeocdn.com/images_v6/marketing/icons/icon_lock.png]
[f.vimeocdn.com/images_v6/marketing/icons/icon_upload.png]
[f.vimeocdn.com/images_v6/marketing/icons/icon_vimeo.png]
[f.vimeocdn.com/images_v6/marketing/icons/icon_360.png]
[f.vimeocdn.com/images_v6/marketing/icons/icon_lightening_gray.png]
[f.vimeocdn.com/images_v6/marketing/icons/icon_no_ads.png]
[f.vimeocdn.com/images_v6/marketing/icons/icon_versions.png]
[f.vimeocdn.com/images_v6/marketing/features/post_prod_browser.png]
[f.vimeocdn.com/images_v6/marketing/icons/icon_chat_bubble.png]
[f.vimeocdn.com/images_v6/marketing/icons/icon_adobe_premiere_gray.png]
[f.vimeocdn.com/images_v6/marketing/features/marketing_browser.png]
[f.vimeocdn.com/images_v6/marketing/icons/icon_vod.png]
[f.vimeocdn.com/images_v6/marketing/icons/icon_rectangle.png]
[f.vimeocdn.com/images_v6/marketing/icons/icon_replay.png]
[f.vimeocdn.com/images_v6/marketing/icons/icon_envelope.png]
[f.vimeocdn.com/images_v6/marketing/icons/icon_rectangle_up.png]
[f.vimeocdn.com/images_v6/marketing/icons/icon_bullet_list.png]
[f.vimeocdn.com/images_v6/marketing/icons/icon_graph.png]
[f.vimeocdn.com/images_v6/marketing/icons/icon_light_bulb.png]
[f.vimeocdn.com/images_v6/marketing/icons/icon_eye.png]
[f.vimeocdn.com/images_v6/marketing/icons/icon_star.png]
[f.vimeocdn.com/images_v6/marketing/icons/icon_globe.png]
[f.vimeocdn.com/images_v6/marketing/features/live_browser.png]
[f.vimeocdn.com/images_v6/marketing/icons/icon_multiuser_gray.png]
[vimeo.com/blog/post/vimeo-for-macos-final-cut-pro.html]
[i.vimeocdn.com/blog/1860_463x262.png]
[vimeo.com/blog/post/nab-2018-releases-OTT-Live-new-hardware-software.html]
[i.vimeocdn.com/blog/1861_492x337.jpg]
[vimeo.com/blog/post/simulcast-stream-to-social.html]
[i.vimeocdn.com/blog/1765_492x337.png]
[f.vimeocdn.com/images_v6/marketing/features/bottom_hero_browser.png]
[vimeo.com/pro0b6f]
[vimeo.com/vip]
[f.vimeocdn.com/js_opt/features_landing_combined.mina3c8.js]
[vimeo.com/features.html]
[f.vimeocdn.com/styles/css_opt/pages/blog/blog.mina882.css]
[vimeo.com/help/faq.12f.delayed]
[vimeo.com/blog/category/POST]
[vimeo.com/blog/category/now-playing.html]
[vimeo.com/blog/category/business-tips.html]
[vimeo.com/blog/category/selling-videos.html]
[vimeo.com/blog/category/vimeo-hq.html]
[vimeo.com/blog/post/weekend-challenge-april-fool's-fauxtograph.html]
[i.vimeocdn.com/blog/1855_485.png]
[f.vimeocdn.com/images_v6/icons/icon_vvs.png]
[vimeo.com/blog/category/360.html]
[vimeo.com/blog/post/live-101-things-to-check-before-going-live.html]
[vimeo.com/blog/post/10-types-of-camera-shots.html]
[i.vimeocdn.com/blog/1074_300x169.jpg]
[vimeo.com/blog/post/how-to-handle-a-creative-disagreement-with-team.html]
[i.vimeocdn.com/blog/852_300x169.png]
[vimeo.com/blog/post/peeling-back-the-curtain-behind-the-scenes-videos.html]
[i.vimeocdn.com/video/454683657_300x169.jpg]
[vimeo.com/blog/category/video-school/tag_360+video.html]
[vimeo.com/blog/category/video-school/tag_behind+the+scenes.html]
[vimeo.com/blog/category/video-school/tag_do+it+yourself.html]
[vimeo.com/blog/category/video-school/tag_dslr.html]
[vimeo.com/blog/category/video-school/tag_editing.html]
[vimeo.com/blog/category/video-school/tag_gear.html]
[vimeo.com/blog/category/video-school/tag_lighting.html]
[vimeo.com/blog/category/video-school/tag_shooting.html]
[vimeo.com/blog/category/video-school/tag_sound.html]
[vimeo.com/blog/category/video-school/tag_story+&amp;+heart.html]
[vimeo.com/blog/category/video-school/tag_weekend+challenge.html]
[vimeo.com/blog/post/designing-illustrator-for-after-effects-animation.html]
[i.vimeocdn.com/blog/1409_300x169.png]
[vimeo.com/blog/post/choosing-the-right-music-for-your-video.html]
[i.vimeocdn.com/video/591212249_300x169.jpg]
[vimeo.com/blog/post/our-favorite-free-video-editing-apps-for-iphone.html]
[i.vimeocdn.com/blog/1527_300x169.jpg]
[vimeo.com/blog/post/360-degree-video-editing-process.html]
[i.vimeocdn.com/blog/1212_300x169.png]
[vimeo.com/blog/post/15-essential-color-editing-terms-defined.html]
[i.vimeocdn.com/video/599798251_300x169.jpg]
[vimeo.com/blog/post/introducing-the-vimeo-panel-for-adobe-premiere-pro.html]
[i.vimeocdn.com/video/619827112_300x169.jpg]
[i.vimeocdn.com/blog/1855_300x169.png]
[vimeo.com/blog/post/best-ways-to-live-stream-your-big-event.html]
[i.vimeocdn.com/blog/1839_300x169.jpg]
[vimeo.com/blog/post/our-video-teams-favorite-vimeo-tools.html]
[i.vimeocdn.com/blog/1830_300x169.jpg]
[vimeo.com/blog/post/weekend-challenge-find-your-center-iii.html]
[i.vimeocdn.com/video/525591142_300x169.jpg]
[vimeo.com/blog/post/weekend-challenge-your-neighborhood-in-60-seconds.html]
[i.vimeocdn.com/blog/1802_300x169.png]
[vimeo.com/blog/post/weekend-challenge-short-cuts-ii.html]
[i.vimeocdn.com/blog/1772_300x169.jpg]
[vimeo.com/blog/category/video-school/page_1.html]
[vimeo.com/videoschool]
[vimeo.com/blog/category/video-school.html]
[f.vimeocdn.com/js_opt/blog_combined.min35b8.js]
[vimeo.com/es/ondemand/startselling.html]
[vimeo.com/de/ondemand/startselling.html]
[vimeo.com/fr/ondemand/startselling.html]
[vimeo.com/jp/ondemand/startselling.html]
[vimeo.com/pt-br/ondemand/startselling.html]
[vimeo.com/ko/ondemand/startselling.html]
[f.vimeocdn.com/styles/css_opt/global_ondemand_combined.min0a68.css]
[f.vimeocdn.com/styles/css_opt/ondemand/ondemand_start_selling_combined.min5e91.css]
[vimeo.com/search/ondemand.16d.delayed]
[vimeo.com/search/ondemand]
[vimeo.com/ondemand/POST]
[i.vimeocdn.com/vod_start_selling/posterbg.jpg]
[vimeo.com/126151775.html]
[vimeo.com/blog/post/publishing-vs-marketing-a-vod-case-study-ft-everyb.html]
[vimeo.com/blog/post/its-all-about-the-karma-how-angry-video-game-nerd.html]
[vimeo.com/blog/post/six-ways-to-heat-up-the-press-through-word-of-mout.html]
[vimeo.com/ondemand/bestpractices.html]
[vimeo.com/ondemand/discover.html]
[vimeo.com/ondemand/collections.html]
[vimeo.com/ondemand/browse.html]
[vimeo.com/ondemand/startselling.html]
[f.vimeocdn.com/js_opt/ondemand/ondemand_start_selling_combined.min2144.js]
[f.vimeocdn.com/styles/css_opt/explore_combined.minc0b6.css]
[vimeo.com/videoschool]
[f.vimeocdn.com/js_opt/explore_combined.mina270.js]
[vimeo.com/watch.html]
[f.vimeocdn.com/js_opt/raven_combined.min6a3b.js]
[vimeo.com/channels/POST.html]
[vimeo.com/videoschool.185.delayed]
[vimeo.com/channels/staffpicks.html]
[vimeo.com/ondemand.html]
[vimeo.com/es/upload.html]
[vimeo.com/de/upload.html]
[vimeo.com/fr/upload.html]
[vimeo.com/jp/upload.html]
[vimeo.com/pt-br/upload.html]
[vimeo.com/ko/upload.html]
[f.vimeocdn.com/styles/css_opt/upload_combined.minfbc6.css]
[f.vimeocdn.com/styles/css_opt/logged_out_upload_extra_combined.minc095.css]
[f.vimeocdn.com/js_opt/vendor/microsoft/OneDrive.min217a.js]
[apis.google.com/js/client.js]
[f.vimeocdn.com/js_opt/upload_libs_combined.mine12f.js]
[f.vimeocdn.com/js_opt/vendor/vimeo-uploader/vimeo_uploader.min76cc.js]
